<?xml version="1.0" ?>
<dataset>
    <table name="updateItemByFieldValueTable">
        <column>id</column>
        <column>row1</column>
        <row>
            <value>1</value>
            <value>row 1 1</value>
        </row>
        <row>
            <value>2</value>
            <value>test</value>
        </row>
        <row>
            <value>3</value>
            <value>row 3 1</value>
        </row>
    </table>
</dataset>
